// Jest Snapshot v1, https://goo.gl/fbAQLP

exports[`Snapshot test Testing footer 1`] = `
<header>
  <div>
    <p>
      Â© DeveloperFunnel
    </p>
  </div>
</header>
`;
